[2025-11-03 11:41:43,981] INFO django.utils.autoreload: Watching for file changes with StatReloader
[2025-11-03 11:41:51,028] WARNING django.server: "GET / HTTP/1.1" 404 179
[2025-11-03 11:41:51,245] WARNING django.server: "GET /favicon.ico HTTP/1.1" 404 179
[2025-11-03 11:43:17,690] INFO django.utils.autoreload: C:\Users\vasu balli\Desktop\meme_proj\meme\app\views.py changed, reloading.
[2025-11-03 11:43:19,892] INFO django.utils.autoreload: Watching for file changes with StatReloader
[2025-11-03 11:43:22,927] INFO django.utils.autoreload: C:\Users\vasu balli\Desktop\meme_proj\meme\app\views.py changed, reloading.
[2025-11-03 11:43:24,957] INFO django.utils.autoreload: Watching for file changes with StatReloader
[2025-11-03 11:43:27,962] INFO django.utils.autoreload: C:\Users\vasu balli\Desktop\meme_proj\meme\app\views.py changed, reloading.
[2025-11-03 11:43:30,011] INFO django.utils.autoreload: Watching for file changes with StatReloader
[2025-11-03 11:43:35,649] INFO django.utils.autoreload: C:\Users\vasu balli\Desktop\meme_proj\meme\app\views.py changed, reloading.
[2025-11-03 11:43:38,128] INFO django.utils.autoreload: Watching for file changes with StatReloader
[2025-11-03 11:43:41,509] INFO django.utils.autoreload: C:\Users\vasu balli\Desktop\meme_proj\meme\app\views.py changed, reloading.
[2025-11-03 11:43:46,880] INFO django.utils.autoreload: Watching for file changes with StatReloader
[2025-11-03 11:44:14,302] INFO django.server: "GET /api/privacy_policy HTTP/1.1" 301 0
[2025-11-03 11:44:24,301] ERROR django.request: Internal Server Error: /api/privacy_policy/
Traceback (most recent call last):
  File "C:\Users\vasu balli\Desktop\meme_proj\env\Lib\site-packages\django\core\handlers\exception.py", line 55, in inner
    response = get_response(request)
  File "C:\Users\vasu balli\Desktop\meme_proj\env\Lib\site-packages\django\core\handlers\base.py", line 197, in _get_response
    response = wrapped_callback(request, *callback_args, **callback_kwargs)
  File "C:\Users\vasu balli\Desktop\meme_proj\meme\app\views.py", line 97, in privacy_policy
    save_instagram_post(link)
    ~~~~~~~~~~~~~~~~~~~^^^^^^
  File "C:\Users\vasu balli\Desktop\meme_proj\meme\app\views.py", line 67, in save_instagram_post
    ig_post.file.save(f"{shortcode_safe}.jpg", ContentFile(media_bytes))
    ^^^^^^^^^^^^^^^^^
AttributeError: 'NoneType' object has no attribute 'save'
[2025-11-03 11:44:24,384] ERROR django.server: "GET /api/privacy_policy/ HTTP/1.1" 500 145
[2025-11-03 11:45:00,966] INFO django.utils.autoreload: C:\Users\vasu balli\Desktop\meme_proj\meme\app\views.py changed, reloading.
[2025-11-03 11:45:03,448] INFO django.utils.autoreload: Watching for file changes with StatReloader
[2025-11-03 11:45:11,413] INFO django.utils.autoreload: C:\Users\vasu balli\Desktop\meme_proj\meme\app\views.py changed, reloading.
[2025-11-03 11:45:13,294] INFO django.utils.autoreload: Watching for file changes with StatReloader
[2025-11-03 16:47:59,614] INFO django.utils.autoreload: Watching for file changes with StatReloader
[2025-11-03 16:48:04,966] WARNING django.server: "GET / HTTP/1.1" 404 179
[2025-11-03 16:48:26,829] ERROR django.request: Internal Server Error: /api/privacy_policy/
Traceback (most recent call last):
  File "C:\Users\vasu balli\Desktop\meme_proj\env\Lib\site-packages\django\core\handlers\exception.py", line 55, in inner
    response = get_response(request)
  File "C:\Users\vasu balli\Desktop\meme_proj\env\Lib\site-packages\django\core\handlers\base.py", line 197, in _get_response
    response = wrapped_callback(request, *callback_args, **callback_kwargs)
  File "C:\Users\vasu balli\Desktop\meme_proj\meme\app\views.py", line 97, in privacy_policy
    save_instagram_post(link)
    ~~~~~~~~~~~~~~~~~~~^^^^^^
  File "C:\Users\vasu balli\Desktop\meme_proj\meme\app\views.py", line 67, in save_instagram_post
    ig_post.file.save(f"{shortcode_safe}.jpg", ContentFile(media_bytes))
    ^^^^^^^^^^^^^^^^^
AttributeError: 'NoneType' object has no attribute 'save'
[2025-11-03 16:48:26,853] ERROR django.server: "GET /api/privacy_policy/ HTTP/1.1" 500 145
[2025-11-03 16:49:22,229] INFO django.utils.autoreload: C:\Users\vasu balli\Desktop\meme_proj\meme\app\views.py changed, reloading.
[2025-11-03 16:49:22,429] INFO django.utils.autoreload: C:\Users\vasu balli\Desktop\meme_proj\meme\app\views.py changed, reloading.
[2025-11-03 16:49:31,342] INFO django.utils.autoreload: Watching for file changes with StatReloader
[2025-11-03 16:49:31,343] INFO django.utils.autoreload: Watching for file changes with StatReloader
[2025-11-03 16:49:54,415] ERROR django.request: Internal Server Error: /api/privacy_policy/
Traceback (most recent call last):
  File "C:\Users\vasu balli\Desktop\meme_proj\env\Lib\site-packages\django\core\handlers\exception.py", line 55, in inner
    response = get_response(request)
  File "C:\Users\vasu balli\Desktop\meme_proj\env\Lib\site-packages\django\core\handlers\base.py", line 197, in _get_response
    response = wrapped_callback(request, *callback_args, **callback_kwargs)
  File "C:\Users\vasu balli\Desktop\meme_proj\meme\app\views.py", line 98, in privacy_policy
    save_instagram_post(link)
    ~~~~~~~~~~~~~~~~~~~^^^^^^
  File "C:\Users\vasu balli\Desktop\meme_proj\meme\app\views.py", line 67, in save_instagram_post
    ig_post.file.save(f"{shortcode_safe}.jpg", ContentFile(media_bytes))
    ^^^^^^^^^^^^^^^^^
AttributeError: 'NoneType' object has no attribute 'save'
[2025-11-03 16:49:54,421] ERROR django.server: "GET /api/privacy_policy/ HTTP/1.1" 500 145
[2025-11-03 16:50:14,426] INFO django.utils.autoreload: C:\Users\vasu balli\Desktop\meme_proj\meme\app\views.py changed, reloading.
[2025-11-03 16:50:14,720] INFO django.utils.autoreload: C:\Users\vasu balli\Desktop\meme_proj\meme\app\views.py changed, reloading.
[2025-11-03 16:50:16,614] INFO django.utils.autoreload: Watching for file changes with StatReloader
[2025-11-03 16:50:16,622] INFO django.utils.autoreload: Watching for file changes with StatReloader
[2025-11-03 16:50:21,292] INFO django.utils.autoreload: C:\Users\vasu balli\Desktop\meme_proj\meme\app\views.py changed, reloading.
[2025-11-03 16:50:21,301] INFO django.utils.autoreload: C:\Users\vasu balli\Desktop\meme_proj\meme\app\views.py changed, reloading.
[2025-11-03 16:50:23,213] INFO django.utils.autoreload: Watching for file changes with StatReloader
[2025-11-03 16:50:23,221] INFO django.utils.autoreload: Watching for file changes with StatReloader
[2025-11-03 16:50:49,017] ERROR django.request: Internal Server Error: /api/privacy_policy/
Traceback (most recent call last):
  File "C:\Users\vasu balli\Desktop\meme_proj\env\Lib\site-packages\django\core\handlers\exception.py", line 55, in inner
    response = get_response(request)
  File "C:\Users\vasu balli\Desktop\meme_proj\env\Lib\site-packages\django\core\handlers\base.py", line 197, in _get_response
    response = wrapped_callback(request, *callback_args, **callback_kwargs)
  File "C:\Users\vasu balli\Desktop\meme_proj\meme\app\views.py", line 107, in privacy_policy
    save_instagram_post(link)
    ~~~~~~~~~~~~~~~~~~~^^^^^^
  File "C:\Users\vasu balli\Desktop\meme_proj\meme\app\views.py", line 67, in save_instagram_post
    ig_post.file.save(f"{shortcode_safe}.jpg", ContentFile(media_bytes))
    ^^^^^^^^^^^^^^^^^
AttributeError: 'NoneType' object has no attribute 'save'
[2025-11-03 16:50:49,022] ERROR django.server: "GET /api/privacy_policy/ HTTP/1.1" 500 145
[2025-11-03 16:51:08,330] INFO django.utils.autoreload: Watching for file changes with StatReloader
[2025-11-03 16:51:41,296] ERROR django.request: Internal Server Error: /api/privacy_policy/
Traceback (most recent call last):
  File "C:\Users\vasu balli\Desktop\meme_proj\env\Lib\site-packages\django\core\handlers\exception.py", line 55, in inner
    response = get_response(request)
  File "C:\Users\vasu balli\Desktop\meme_proj\env\Lib\site-packages\django\core\handlers\base.py", line 197, in _get_response
    response = wrapped_callback(request, *callback_args, **callback_kwargs)
  File "C:\Users\vasu balli\Desktop\meme_proj\meme\app\views.py", line 107, in privacy_policy
    save_instagram_post(link)
    ~~~~~~~~~~~~~~~~~~~^^^^^^
  File "C:\Users\vasu balli\Desktop\meme_proj\meme\app\views.py", line 67, in save_instagram_post
    ig_post.file.save(f"{shortcode_safe}.jpg", ContentFile(media_bytes))
    ^^^^^^^^^^^^^^^^^
AttributeError: 'NoneType' object has no attribute 'save'
[2025-11-03 16:51:41,299] ERROR django.server: "GET /api/privacy_policy/ HTTP/1.1" 500 145
[2025-11-03 16:52:20,298] ERROR django.request: Internal Server Error: /api/privacy_policy/
Traceback (most recent call last):
  File "C:\Users\vasu balli\Desktop\meme_proj\env\Lib\site-packages\django\core\handlers\exception.py", line 55, in inner
    response = get_response(request)
  File "C:\Users\vasu balli\Desktop\meme_proj\env\Lib\site-packages\django\core\handlers\base.py", line 197, in _get_response
    response = wrapped_callback(request, *callback_args, **callback_kwargs)
  File "C:\Users\vasu balli\Desktop\meme_proj\meme\app\views.py", line 107, in privacy_policy
    save_instagram_post(link)
    ~~~~~~~~~~~~~~~~~~~^^^^^^
  File "C:\Users\vasu balli\Desktop\meme_proj\meme\app\views.py", line 67, in save_instagram_post
    ig_post.file.save(f"{shortcode_safe}.jpg", ContentFile(media_bytes))
    ^^^^^^^^^^^^^^^^^
AttributeError: 'NoneType' object has no attribute 'save'
[2025-11-03 16:52:20,302] ERROR django.server: "GET /api/privacy_policy/ HTTP/1.1" 500 145
[2025-11-03 16:52:51,624] INFO django.utils.autoreload: C:\Users\vasu balli\Desktop\meme_proj\meme\app\views.py changed, reloading.
[2025-11-03 16:52:53,677] INFO django.utils.autoreload: Watching for file changes with StatReloader
[2025-11-03 16:52:55,314] INFO app_logger: Privacy policy page accessed
[2025-11-03 16:52:55,316] INFO django.server: "GET /api/privacy_policy/ HTTP/1.1" 200 688
[2025-11-03 16:53:03,741] INFO django.utils.autoreload: C:\Users\vasu balli\Desktop\meme_proj\meme\app\views.py changed, reloading.
[2025-11-03 16:53:05,713] INFO django.utils.autoreload: Watching for file changes with StatReloader
[2025-11-03 16:53:20,208] ERROR django.request: Internal Server Error: /api/privacy_policy/
Traceback (most recent call last):
  File "C:\Users\vasu balli\Desktop\meme_proj\env\Lib\site-packages\django\core\handlers\exception.py", line 55, in inner
    response = get_response(request)
  File "C:\Users\vasu balli\Desktop\meme_proj\env\Lib\site-packages\django\core\handlers\base.py", line 197, in _get_response
    response = wrapped_callback(request, *callback_args, **callback_kwargs)
  File "C:\Users\vasu balli\Desktop\meme_proj\meme\app\views.py", line 107, in privacy_policy
    save_instagram_post(link)
    ~~~~~~~~~~~~~~~~~~~^^^^^^
  File "C:\Users\vasu balli\Desktop\meme_proj\meme\app\views.py", line 67, in save_instagram_post
    ig_post.file.save(f"{shortcode_safe}.jpg", ContentFile(media_bytes))
    ^^^^^^^^^^^^^^^^^
AttributeError: 'NoneType' object has no attribute 'save'
[2025-11-03 16:53:20,215] ERROR django.server: "GET /api/privacy_policy/ HTTP/1.1" 500 145
[2025-11-03 16:56:23,371] INFO django.utils.autoreload: C:\Users\vasu balli\Desktop\meme_proj\meme\app\views.py changed, reloading.
[2025-11-03 16:56:25,449] INFO django.utils.autoreload: Watching for file changes with StatReloader
[2025-11-03 16:56:31,018] INFO django.utils.autoreload: C:\Users\vasu balli\Desktop\meme_proj\meme\app\views.py changed, reloading.
[2025-11-03 16:56:33,032] INFO django.utils.autoreload: Watching for file changes with StatReloader
[2025-11-03 16:56:40,674] INFO django.utils.autoreload: C:\Users\vasu balli\Desktop\meme_proj\meme\app\views.py changed, reloading.
[2025-11-03 16:56:42,688] INFO django.utils.autoreload: Watching for file changes with StatReloader
[2025-11-03 16:56:45,961] INFO django.utils.autoreload: C:\Users\vasu balli\Desktop\meme_proj\meme\app\views.py changed, reloading.
[2025-11-03 16:56:47,761] INFO django.utils.autoreload: Watching for file changes with StatReloader
[2025-11-03 16:56:53,112] INFO django.utils.autoreload: C:\Users\vasu balli\Desktop\meme_proj\meme\app\views.py changed, reloading.
[2025-11-03 16:56:55,137] INFO django.utils.autoreload: Watching for file changes with StatReloader
[2025-11-03 16:57:44,801] INFO django.utils.autoreload: C:\Users\vasu balli\Desktop\meme_proj\meme\app\views.py changed, reloading.
[2025-11-03 16:57:46,909] INFO django.utils.autoreload: Watching for file changes with StatReloader
[2025-11-03 17:00:05,213] INFO django.utils.autoreload: C:\Users\vasu balli\Desktop\meme_proj\meme\app\views.py changed, reloading.
[2025-11-03 17:00:06,845] INFO django.utils.autoreload: Watching for file changes with StatReloader
[2025-11-03 17:00:09,405] INFO django.utils.autoreload: C:\Users\vasu balli\Desktop\meme_proj\meme\app\views.py changed, reloading.
[2025-11-03 17:00:10,517] INFO django.utils.autoreload: Watching for file changes with StatReloader
[2025-11-03 17:00:25,471] INFO django.utils.autoreload: C:\Users\vasu balli\Desktop\meme_proj\meme\app\views.py changed, reloading.
[2025-11-03 17:00:26,891] INFO django.utils.autoreload: Watching for file changes with StatReloader
[2025-11-03 17:00:31,408] INFO django.utils.autoreload: C:\Users\vasu balli\Desktop\meme_proj\meme\app\views.py changed, reloading.
[2025-11-03 17:00:32,689] INFO django.utils.autoreload: Watching for file changes with StatReloader
[2025-11-03 17:00:46,814] INFO django.utils.autoreload: C:\Users\vasu balli\Desktop\meme_proj\meme\app\views.py changed, reloading.
[2025-11-03 17:00:48,222] INFO django.utils.autoreload: Watching for file changes with StatReloader
[2025-11-03 17:00:53,856] INFO django.utils.autoreload: C:\Users\vasu balli\Desktop\meme_proj\meme\app\views.py changed, reloading.
[2025-11-03 17:00:55,093] INFO django.utils.autoreload: Watching for file changes with StatReloader
[2025-11-03 17:01:12,525] ERROR django.request: Internal Server Error: /api/privacy_policy/
Traceback (most recent call last):
  File "C:\Users\vasu balli\Desktop\meme_proj\env\Lib\site-packages\django\core\handlers\exception.py", line 55, in inner
    response = get_response(request)
  File "C:\Users\vasu balli\Desktop\meme_proj\env\Lib\site-packages\django\core\handlers\base.py", line 197, in _get_response
    response = wrapped_callback(request, *callback_args, **callback_kwargs)
  File "C:\Users\vasu balli\Desktop\meme_proj\meme\app\views.py", line 164, in privacy_policy
    upload_instagram_media(link)
    ^^^^^^^^^^^^^^^^^^^^^^^^
TypeError: upload_instagram_media() missing 1 required positional argument: 'insta_url'
[2025-11-03 17:01:12,555] ERROR django.server: "GET /api/privacy_policy/ HTTP/1.1" 500 145
[2025-11-03 17:01:33,589] INFO django.utils.autoreload: C:\Users\vasu balli\Desktop\meme_proj\meme\app\views.py changed, reloading.
[2025-11-03 17:01:35,360] INFO django.utils.autoreload: Watching for file changes with StatReloader
[2025-11-03 17:01:37,916] INFO django.utils.autoreload: C:\Users\vasu balli\Desktop\meme_proj\meme\app\views.py changed, reloading.
[2025-11-03 17:01:39,331] INFO django.utils.autoreload: Watching for file changes with StatReloader
[2025-11-03 17:01:46,367] ERROR django.request: Internal Server Error: /api/privacy_policy/
Traceback (most recent call last):
  File "C:\Users\vasu balli\Desktop\meme_proj\env\Lib\site-packages\django\core\handlers\exception.py", line 55, in inner
    response = get_response(request)
  File "C:\Users\vasu balli\Desktop\meme_proj\env\Lib\site-packages\django\core\handlers\base.py", line 197, in _get_response
    response = wrapped_callback(request, *callback_args, **callback_kwargs)
  File "C:\Users\vasu balli\Desktop\meme_proj\meme\app\views.py", line 165, in privacy_policy
    upload_instagram_media(link)
    ~~~~~~~~~~~~~~~~~~~~~~^^^^^^
  File "C:\Users\vasu balli\Desktop\meme_proj\meme\app\views.py", line 80, in upload_instagram_media
    L.load_session_from_file("shailajakathi85")
    ~~~~~~~~~~~~~~~~~~~~~~~~^^^^^^^^^^^^^^^^^^^
  File "C:\Users\vasu balli\Desktop\meme_proj\env\Lib\site-packages\instaloader\instaloader.py", line 635, in load_session_from_file
    with open(filename, 'rb') as sessionfile:
         ~~~~^^^^^^^^^^^^^^^^
FileNotFoundError: [Errno 2] No such file or directory: 'c:\\users\\vasuba~1\\appdata\\local\\temp/.instaloader-vasu balli/session-shailajakathi85'
[2025-11-03 17:01:46,374] ERROR django.server: "GET /api/privacy_policy/ HTTP/1.1" 500 145
[2025-11-03 17:03:21,233] INFO django.utils.autoreload: C:\Users\vasu balli\Desktop\meme_proj\meme\app\views.py changed, reloading.
[2025-11-03 17:03:22,633] INFO django.utils.autoreload: Watching for file changes with StatReloader
[2025-11-03 17:03:44,339] ERROR django.request: Internal Server Error: /api/privacy_policy/
Traceback (most recent call last):
  File "C:\Users\vasu balli\Desktop\meme_proj\env\Lib\site-packages\django\core\handlers\exception.py", line 55, in inner
    response = get_response(request)
  File "C:\Users\vasu balli\Desktop\meme_proj\env\Lib\site-packages\django\core\handlers\base.py", line 197, in _get_response
    response = wrapped_callback(request, *callback_args, **callback_kwargs)
  File "C:\Users\vasu balli\Desktop\meme_proj\meme\app\views.py", line 165, in privacy_policy
    upload_instagram_media(link)
    ~~~~~~~~~~~~~~~~~~~~~~^^^^^^
  File "C:\Users\vasu balli\Desktop\meme_proj\meme\app\views.py", line 80, in upload_instagram_media
    L.load_session_from_file("shailajakathi85@gmail.com")
                             ^^^^^^^^^^^^^^^
NameError: name 'shailajakathi85' is not defined
[2025-11-03 17:03:44,375] ERROR django.server: "GET /api/privacy_policy/ HTTP/1.1" 500 145
[2025-11-04 01:44:59,582] INFO django.utils.autoreload: Watching for file changes with StatReloader
[2025-11-04 01:45:04,771] WARNING django.server: "GET / HTTP/1.1" 404 179
[2025-11-04 01:45:05,048] WARNING django.server: "GET /favicon.ico HTTP/1.1" 404 179
[2025-11-04 01:45:24,010] ERROR django.request: Internal Server Error: /api/privacy_policy/
Traceback (most recent call last):
  File "C:\Users\vasu balli\Desktop\meme_proj\env\Lib\site-packages\yt_dlp\YoutubeDL.py", line 1645, in wrapper
    return func(self, *args, **kwargs)
  File "C:\Users\vasu balli\Desktop\meme_proj\env\Lib\site-packages\yt_dlp\YoutubeDL.py", line 1780, in __extract_info
    ie_result = ie.extract(url)
  File "C:\Users\vasu balli\Desktop\meme_proj\env\Lib\site-packages\yt_dlp\extractor\common.py", line 762, in extract
    ie_result = self._real_extract(url)
  File "C:\Users\vasu balli\Desktop\meme_proj\env\Lib\site-packages\yt_dlp\extractor\instagram.py", line 474, in _real_extract
    raise ExtractorError('There is no video in this post', expected=True)
yt_dlp.utils.ExtractorError: [Instagram] DQYWL84gTX7: There is no video in this post

During handling of the above exception, another exception occurred:

Traceback (most recent call last):
  File "C:\Users\vasu balli\Desktop\meme_proj\env\Lib\site-packages\django\core\handlers\exception.py", line 55, in inner
    response = get_response(request)
  File "C:\Users\vasu balli\Desktop\meme_proj\env\Lib\site-packages\django\core\handlers\base.py", line 197, in _get_response
    response = wrapped_callback(request, *callback_args, **callback_kwargs)
  File "C:\Users\vasu balli\Desktop\meme_proj\meme\app\views.py", line 94, in privacy_policy
    fetch_and_upload_instagram_video(link)
    ~~~~~~~~~~~~~~~~~~~~~~~~~~~~~~~~^^^^^^
  File "C:\Users\vasu balli\Desktop\meme_proj\meme\app\views.py", line 27, in fetch_and_upload_instagram_video
    info = ydl.extract_info(insta_url, download=False)
  File "C:\Users\vasu balli\Desktop\meme_proj\env\Lib\site-packages\yt_dlp\YoutubeDL.py", line 1634, in extract_info
    return self.__extract_info(url, self.get_info_extractor(key), download, extra_info, process)
           ~~~~~~~~~~~~~~~~~~~^^^^^^^^^^^^^^^^^^^^^^^^^^^^^^^^^^^^^^^^^^^^^^^^^^^^^^^^^^^^^^^^^^
  File "C:\Users\vasu balli\Desktop\meme_proj\env\Lib\site-packages\yt_dlp\YoutubeDL.py", line 1663, in wrapper
    self.report_error(str(e), e.format_traceback())
    ~~~~~~~~~~~~~~~~~^^^^^^^^^^^^^^^^^^^^^^^^^^^^^^
  File "C:\Users\vasu balli\Desktop\meme_proj\env\Lib\site-packages\yt_dlp\YoutubeDL.py", line 1103, in report_error
    self.trouble(f'{self._format_err("ERROR:", self.Styles.ERROR)} {message}', *args, **kwargs)
    ~~~~~~~~~~~~^^^^^^^^^^^^^^^^^^^^^^^^^^^^^^^^^^^^^^^^^^^^^^^^^^^^^^^^^^^^^^^^^^^^^^^^^^^^^^^
  File "C:\Users\vasu balli\Desktop\meme_proj\env\Lib\site-packages\yt_dlp\YoutubeDL.py", line 1042, in trouble
    raise DownloadError(message, exc_info)
yt_dlp.utils.DownloadError: [0;31mERROR:[0m [Instagram] DQYWL84gTX7: There is no video in this post
[2025-11-04 01:45:24,123] ERROR django.server: "GET /api/privacy_policy/ HTTP/1.1" 500 145
[2025-11-04 01:46:04,141] INFO django.utils.autoreload: C:\Users\vasu balli\Desktop\meme_proj\meme\app\views.py changed, reloading.
[2025-11-04 01:46:06,107] INFO django.utils.autoreload: Watching for file changes with StatReloader
[2025-11-04 01:46:13,710] ERROR django.request: Internal Server Error: /api/privacy_policy/
Traceback (most recent call last):
  File "C:\Users\vasu balli\Desktop\meme_proj\env\Lib\site-packages\yt_dlp\YoutubeDL.py", line 1645, in wrapper
    return func(self, *args, **kwargs)
  File "C:\Users\vasu balli\Desktop\meme_proj\env\Lib\site-packages\yt_dlp\YoutubeDL.py", line 1780, in __extract_info
    ie_result = ie.extract(url)
  File "C:\Users\vasu balli\Desktop\meme_proj\env\Lib\site-packages\yt_dlp\extractor\common.py", line 762, in extract
    ie_result = self._real_extract(url)
  File "C:\Users\vasu balli\Desktop\meme_proj\env\Lib\site-packages\yt_dlp\extractor\instagram.py", line 474, in _real_extract
    raise ExtractorError('There is no video in this post', expected=True)
yt_dlp.utils.ExtractorError: [Instagram] DQYWL84gTX7: There is no video in this post

During handling of the above exception, another exception occurred:

Traceback (most recent call last):
  File "C:\Users\vasu balli\Desktop\meme_proj\env\Lib\site-packages\django\core\handlers\exception.py", line 55, in inner
    response = get_response(request)
  File "C:\Users\vasu balli\Desktop\meme_proj\env\Lib\site-packages\django\core\handlers\base.py", line 197, in _get_response
    response = wrapped_callback(request, *callback_args, **callback_kwargs)
  File "C:\Users\vasu balli\Desktop\meme_proj\meme\app\views.py", line 94, in privacy_policy
    fetch_and_upload_instagram_video(link)
    ~~~~~~~~~~~~~~~~~~~~~~~~~~~~~~~~^^^^^^
  File "C:\Users\vasu balli\Desktop\meme_proj\meme\app\views.py", line 27, in fetch_and_upload_instagram_video
    info = ydl.extract_info(insta_url, download=False)
  File "C:\Users\vasu balli\Desktop\meme_proj\env\Lib\site-packages\yt_dlp\YoutubeDL.py", line 1634, in extract_info
    return self.__extract_info(url, self.get_info_extractor(key), download, extra_info, process)
           ~~~~~~~~~~~~~~~~~~~^^^^^^^^^^^^^^^^^^^^^^^^^^^^^^^^^^^^^^^^^^^^^^^^^^^^^^^^^^^^^^^^^^
  File "C:\Users\vasu balli\Desktop\meme_proj\env\Lib\site-packages\yt_dlp\YoutubeDL.py", line 1663, in wrapper
    self.report_error(str(e), e.format_traceback())
    ~~~~~~~~~~~~~~~~~^^^^^^^^^^^^^^^^^^^^^^^^^^^^^^
  File "C:\Users\vasu balli\Desktop\meme_proj\env\Lib\site-packages\yt_dlp\YoutubeDL.py", line 1103, in report_error
    self.trouble(f'{self._format_err("ERROR:", self.Styles.ERROR)} {message}', *args, **kwargs)
    ~~~~~~~~~~~~^^^^^^^^^^^^^^^^^^^^^^^^^^^^^^^^^^^^^^^^^^^^^^^^^^^^^^^^^^^^^^^^^^^^^^^^^^^^^^^
  File "C:\Users\vasu balli\Desktop\meme_proj\env\Lib\site-packages\yt_dlp\YoutubeDL.py", line 1042, in trouble
    raise DownloadError(message, exc_info)
yt_dlp.utils.DownloadError: [0;31mERROR:[0m [Instagram] DQYWL84gTX7: There is no video in this post
[2025-11-04 01:46:13,719] ERROR django.server: "GET /api/privacy_policy/ HTTP/1.1" 500 145
[2025-11-04 01:46:40,931] INFO django.utils.autoreload: C:\Users\vasu balli\Desktop\meme_proj\meme\app\views.py changed, reloading.
[2025-11-04 01:46:43,205] INFO django.utils.autoreload: Watching for file changes with StatReloader
[2025-11-04 01:47:06,083] ERROR django.request: Internal Server Error: /api/privacy_policy/
Traceback (most recent call last):
  File "C:\Users\vasu balli\Desktop\meme_proj\env\Lib\site-packages\django\core\handlers\exception.py", line 55, in inner
    response = get_response(request)
  File "C:\Users\vasu balli\Desktop\meme_proj\env\Lib\site-packages\django\core\handlers\base.py", line 197, in _get_response
    response = wrapped_callback(request, *callback_args, **callback_kwargs)
  File "C:\Users\vasu balli\Desktop\meme_proj\meme\app\views.py", line 94, in privacy_policy
    fetch_and_upload_instagram_video(link)
    ~~~~~~~~~~~~~~~~~~~~~~~~~~~~~~~~^^^^^^
  File "C:\Users\vasu balli\Desktop\meme_proj\meme\app\views.py", line 40, in fetch_and_upload_instagram_video
    raise Exception("Video file not found. Check yt-dlp output path.")
Exception: Video file not found. Check yt-dlp output path.
[2025-11-04 01:47:06,091] ERROR django.server: "GET /api/privacy_policy/ HTTP/1.1" 500 145
[2025-11-04 01:49:05,108] INFO django.utils.autoreload: C:\Users\vasu balli\Desktop\meme_proj\meme\app\views.py changed, reloading.
[2025-11-04 01:49:07,475] INFO django.utils.autoreload: Watching for file changes with StatReloader
[2025-11-04 01:49:20,613] INFO django.utils.autoreload: C:\Users\vasu balli\Desktop\meme_proj\meme\app\views.py changed, reloading.
[2025-11-04 01:49:22,687] INFO django.utils.autoreload: Watching for file changes with StatReloader
[2025-11-04 01:49:27,630] INFO django.server: "GET /api/privacy_policy/ HTTP/1.1" 200 688
[2025-11-04 01:52:22,995] INFO django.utils.autoreload: C:\Users\vasu balli\Desktop\meme_proj\meme\meme\settings.py changed, reloading.
[2025-11-04 01:52:25,281] INFO django.utils.autoreload: Watching for file changes with StatReloader
[2025-11-04 01:52:51,795] INFO django.utils.autoreload: C:\Users\vasu balli\Desktop\meme_proj\meme\app\urls.py changed, reloading.
[2025-11-04 01:52:53,737] INFO django.utils.autoreload: Watching for file changes with StatReloader
[2025-11-04 01:53:04,627] INFO django.utils.autoreload: C:\Users\vasu balli\Desktop\meme_proj\meme\app\urls.py changed, reloading.
[2025-11-04 01:53:06,636] INFO django.utils.autoreload: Watching for file changes with StatReloader
[2025-11-04 01:53:44,040] INFO django.utils.autoreload: C:\Users\vasu balli\Desktop\meme_proj\meme\app\views.py changed, reloading.
[2025-11-04 01:53:46,395] INFO django.utils.autoreload: Watching for file changes with StatReloader
[2025-11-04 01:54:09,777] INFO django.utils.autoreload: C:\Users\vasu balli\Desktop\meme_proj\meme\app\views.py changed, reloading.
[2025-11-04 01:54:11,682] INFO django.utils.autoreload: Watching for file changes with StatReloader
[2025-11-04 01:54:32,372] INFO django.utils.autoreload: C:\Users\vasu balli\Desktop\meme_proj\meme\app\views.py changed, reloading.
[2025-11-04 01:54:34,691] INFO django.utils.autoreload: Watching for file changes with StatReloader
[2025-11-04 01:55:03,893] INFO django.utils.autoreload: C:\Users\vasu balli\Desktop\meme_proj\meme\app\views.py changed, reloading.
[2025-11-04 01:55:05,941] INFO django.utils.autoreload: Watching for file changes with StatReloader
[2025-11-04 01:55:27,854] INFO django.utils.autoreload: C:\Users\vasu balli\Desktop\meme_proj\meme\app\views.py changed, reloading.
[2025-11-04 01:55:29,859] INFO django.utils.autoreload: Watching for file changes with StatReloader
[2025-11-04 01:56:02,999] INFO django.utils.autoreload: C:\Users\vasu balli\Desktop\meme_proj\meme\app\views.py changed, reloading.
[2025-11-04 01:56:05,077] INFO django.utils.autoreload: Watching for file changes with StatReloader
[2025-11-04 01:56:12,664] ERROR django.request: Internal Server Error: /api/privacy_policy/
Traceback (most recent call last):
  File "C:\Users\vasu balli\Desktop\meme_proj\env\Lib\site-packages\django\core\handlers\exception.py", line 55, in inner
    response = get_response(request)
  File "C:\Users\vasu balli\Desktop\meme_proj\env\Lib\site-packages\django\core\handlers\base.py", line 197, in _get_response
    response = wrapped_callback(request, *callback_args, **callback_kwargs)
  File "C:\Users\vasu balli\Desktop\meme_proj\meme\app\views.py", line 82, in privacy_policy
    save_instagram_video(link)
    ~~~~~~~~~~~~~~~~~~~~^^^^^^
  File "C:\Users\vasu balli\Desktop\meme_proj\meme\app\views.py", line 40, in save_instagram_video
    video.file.save(os.path.basename(filepath), video_file, save=True)
    ^^^^^^^^^^^^^^^
AttributeError: 'NoneType' object has no attribute 'save'
[2025-11-04 01:56:12,672] ERROR django.server: "GET /api/privacy_policy/ HTTP/1.1" 500 145
[2025-11-04 01:57:12,389] INFO django.utils.autoreload: C:\Users\vasu balli\Desktop\meme_proj\meme\app\views.py changed, reloading.
[2025-11-04 01:57:14,682] INFO django.utils.autoreload: Watching for file changes with StatReloader
[2025-11-04 01:57:25,477] INFO django.utils.autoreload: C:\Users\vasu balli\Desktop\meme_proj\meme\app\views.py changed, reloading.
[2025-11-04 01:57:27,374] INFO django.utils.autoreload: Watching for file changes with StatReloader
[2025-11-04 01:57:33,171] ERROR django.request: Internal Server Error: /api/privacy_policy/
Traceback (most recent call last):
  File "C:\Users\vasu balli\Desktop\meme_proj\env\Lib\site-packages\django\core\handlers\exception.py", line 55, in inner
    response = get_response(request)
  File "C:\Users\vasu balli\Desktop\meme_proj\env\Lib\site-packages\django\core\handlers\base.py", line 197, in _get_response
    response = wrapped_callback(request, *callback_args, **callback_kwargs)
  File "C:\Users\vasu balli\Desktop\meme_proj\meme\app\views.py", line 82, in privacy_policy
    save_instagram_video(link)
    ~~~~~~~~~~~~~~~~~~~~^^^^^^
  File "C:\Users\vasu balli\Desktop\meme_proj\meme\app\views.py", line 40, in save_instagram_video
    video.file.save(os.path.basename(filepath), video_file, save=True)
    ^^^^^^^^^^^^^^^
AttributeError: 'NoneType' object has no attribute 'save'
[2025-11-04 01:57:33,175] ERROR django.server: "GET /api/privacy_policy/ HTTP/1.1" 500 145
[2025-11-04 01:59:05,024] INFO django.utils.autoreload: C:\Users\vasu balli\Desktop\meme_proj\meme\app\views.py changed, reloading.
[2025-11-04 01:59:07,467] INFO django.utils.autoreload: Watching for file changes with StatReloader
[2025-11-04 01:59:13,245] ERROR django.request: Internal Server Error: /api/privacy_policy/
Traceback (most recent call last):
  File "C:\Users\vasu balli\Desktop\meme_proj\env\Lib\site-packages\django\core\handlers\exception.py", line 55, in inner
    response = get_response(request)
  File "C:\Users\vasu balli\Desktop\meme_proj\env\Lib\site-packages\django\core\handlers\base.py", line 197, in _get_response
    response = wrapped_callback(request, *callback_args, **callback_kwargs)
  File "C:\Users\vasu balli\Desktop\meme_proj\meme\app\views.py", line 83, in privacy_policy
    save_instagram_video(link)
    ~~~~~~~~~~~~~~~~~~~~^^^^^^
  File "C:\Users\vasu balli\Desktop\meme_proj\meme\app\views.py", line 41, in save_instagram_video
    video.file.save(os.path.basename(filepath), video_file, save=True)
    ^^^^^^^^^^^^^^^
AttributeError: 'NoneType' object has no attribute 'save'
[2025-11-04 01:59:13,253] ERROR django.server: "GET /api/privacy_policy/ HTTP/1.1" 500 145
[2025-11-04 21:06:27,615] INFO django.utils.autoreload: Watching for file changes with StatReloader
[2025-11-04 21:06:48,420] ERROR django.request: Internal Server Error: /api/privacy_policy/
Traceback (most recent call last):
  File "C:\Users\vasu balli\Desktop\meme_proj\env\Lib\site-packages\django\db\backends\utils.py", line 105, in _execute
    return self.cursor.execute(sql, params)
           ~~~~~~~~~~~~~~~~~~~^^^^^^^^^^^^^
  File "C:\Users\vasu balli\Desktop\meme_proj\env\Lib\site-packages\django\db\backends\sqlite3\base.py", line 360, in execute
    return super().execute(query, params)
           ~~~~~~~~~~~~~~~^^^^^^^^^^^^^^^
sqlite3.ProgrammingError: Error binding parameter 2: type 'File' is not supported

The above exception was the direct cause of the following exception:

Traceback (most recent call last):
  File "C:\Users\vasu balli\Desktop\meme_proj\env\Lib\site-packages\django\core\handlers\exception.py", line 55, in inner
    response = get_response(request)
  File "C:\Users\vasu balli\Desktop\meme_proj\env\Lib\site-packages\django\core\handlers\base.py", line 197, in _get_response
    response = wrapped_callback(request, *callback_args, **callback_kwargs)
  File "C:\Users\vasu balli\Desktop\meme_proj\meme\app\views.py", line 87, in privacy_policy
    fetch_instagram_video()
    ~~~~~~~~~~~~~~~~~~~~~^^
  File "C:\Users\vasu balli\Desktop\meme_proj\meme\app\views.py", line 61, in fetch_instagram_video
    video_obj = download_and_save_instagram_video(url, caption="My Insta Video")
  File "C:\Users\vasu balli\Desktop\meme_proj\meme\app\views.py", line 39, in download_and_save_instagram_video
    video_obj = Memes.objects.create(
        title=caption or info.get('title', ''),
        file=django_file
    )
  File "C:\Users\vasu balli\Desktop\meme_proj\env\Lib\site-packages\django\db\models\manager.py", line 87, in manager_method
    return getattr(self.get_queryset(), name)(*args, **kwargs)
           ~~~~~~~~~~~~~~~~~~~~~~~~~~~~~~~~~~^^^^^^^^^^^^^^^^^
  File "C:\Users\vasu balli\Desktop\meme_proj\env\Lib\site-packages\django\db\models\query.py", line 663, in create
    obj.save(force_insert=True, using=self.db)
    ~~~~~~~~^^^^^^^^^^^^^^^^^^^^^^^^^^^^^^^^^^
  File "C:\Users\vasu balli\Desktop\meme_proj\env\Lib\site-packages\django\db\models\base.py", line 902, in save
    self.save_base(
    ~~~~~~~~~~~~~~^
        using=using,
        ^^^^^^^^^^^^
    ...<2 lines>...
        update_fields=update_fields,
        ^^^^^^^^^^^^^^^^^^^^^^^^^^^^
    )
    ^
  File "C:\Users\vasu balli\Desktop\meme_proj\env\Lib\site-packages\django\db\models\base.py", line 1008, in save_base
    updated = self._save_table(
        raw,
    ...<4 lines>...
        update_fields,
    )
  File "C:\Users\vasu balli\Desktop\meme_proj\env\Lib\site-packages\django\db\models\base.py", line 1169, in _save_table
    results = self._do_insert(
        cls._base_manager, using, fields, returning_fields, raw
    )
  File "C:\Users\vasu balli\Desktop\meme_proj\env\Lib\site-packages\django\db\models\base.py", line 1210, in _do_insert
    return manager._insert(
           ~~~~~~~~~~~~~~~^
        [self],
        ^^^^^^^
    ...<3 lines>...
        raw=raw,
        ^^^^^^^^
    )
    ^
  File "C:\Users\vasu balli\Desktop\meme_proj\env\Lib\site-packages\django\db\models\manager.py", line 87, in manager_method
    return getattr(self.get_queryset(), name)(*args, **kwargs)
           ~~~~~~~~~~~~~~~~~~~~~~~~~~~~~~~~~~^^^^^^^^^^^^^^^^^
  File "C:\Users\vasu balli\Desktop\meme_proj\env\Lib\site-packages\django\db\models\query.py", line 1868, in _insert
    return query.get_compiler(using=using).execute_sql(returning_fields)
           ~~~~~~~~~~~~~~~~~~~~~~~~~~~~~~~~~~~~~~~~~~~^^^^^^^^^^^^^^^^^^
  File "C:\Users\vasu balli\Desktop\meme_proj\env\Lib\site-packages\django\db\models\sql\compiler.py", line 1882, in execute_sql
    cursor.execute(sql, params)
    ~~~~~~~~~~~~~~^^^^^^^^^^^^^
  File "C:\Users\vasu balli\Desktop\meme_proj\env\Lib\site-packages\django\db\backends\utils.py", line 79, in execute
    return self._execute_with_wrappers(
           ~~~~~~~~~~~~~~~~~~~~~~~~~~~^
        sql, params, many=False, executor=self._execute
        ^^^^^^^^^^^^^^^^^^^^^^^^^^^^^^^^^^^^^^^^^^^^^^^
    )
    ^
  File "C:\Users\vasu balli\Desktop\meme_proj\env\Lib\site-packages\django\db\backends\utils.py", line 92, in _execute_with_wrappers
    return executor(sql, params, many, context)
  File "C:\Users\vasu balli\Desktop\meme_proj\env\Lib\site-packages\django\db\backends\utils.py", line 100, in _execute
    with self.db.wrap_database_errors:
         ^^^^^^^^^^^^^^^^^^^^^^^^^^^^
  File "C:\Users\vasu balli\Desktop\meme_proj\env\Lib\site-packages\django\db\utils.py", line 91, in __exit__
    raise dj_exc_value.with_traceback(traceback) from exc_value
  File "C:\Users\vasu balli\Desktop\meme_proj\env\Lib\site-packages\django\db\backends\utils.py", line 105, in _execute
    return self.cursor.execute(sql, params)
           ~~~~~~~~~~~~~~~~~~~^^^^^^^^^^^^^
  File "C:\Users\vasu balli\Desktop\meme_proj\env\Lib\site-packages\django\db\backends\sqlite3\base.py", line 360, in execute
    return super().execute(query, params)
           ~~~~~~~~~~~~~~~^^^^^^^^^^^^^^^
django.db.utils.ProgrammingError: Error binding parameter 2: type 'File' is not supported
[2025-11-04 21:06:49,585] ERROR django.server: "GET /api/privacy_policy/ HTTP/1.1" 500 145
[2025-11-04 21:07:39,720] INFO django.utils.autoreload: C:\Users\vasu balli\Desktop\meme_proj\meme\app\views.py changed, reloading.
[2025-11-04 21:07:44,201] INFO django.utils.autoreload: Watching for file changes with StatReloader
[2025-11-04 21:07:54,931] INFO django.utils.autoreload: C:\Users\vasu balli\Desktop\meme_proj\meme\app\views.py changed, reloading.
[2025-11-04 21:07:57,454] INFO django.utils.autoreload: Watching for file changes with StatReloader
[2025-11-04 21:08:02,531] INFO django.utils.autoreload: C:\Users\vasu balli\Desktop\meme_proj\meme\app\views.py changed, reloading.
[2025-11-04 21:08:04,747] INFO django.utils.autoreload: Watching for file changes with StatReloader
[2025-11-04 21:08:14,597] ERROR django.request: Internal Server Error: /api/privacy_policy/
Traceback (most recent call last):
  File "C:\Users\vasu balli\Desktop\meme_proj\env\Lib\site-packages\django\core\handlers\exception.py", line 55, in inner
    response = get_response(request)
  File "C:\Users\vasu balli\Desktop\meme_proj\env\Lib\site-packages\django\core\handlers\base.py", line 197, in _get_response
    response = wrapped_callback(request, *callback_args, **callback_kwargs)
  File "C:\Users\vasu balli\Desktop\meme_proj\meme\app\views.py", line 91, in privacy_policy
    fetch_instagram_video()
    ~~~~~~~~~~~~~~~~~~~~~^^
  File "C:\Users\vasu balli\Desktop\meme_proj\meme\app\views.py", line 66, in fetch_instagram_video
    print(f"Saved video: {video_obj.video.url}")
                          ^^^^^^^^^^^^^^^
AttributeError: 'NoneType' object has no attribute 'video'
[2025-11-04 21:08:14,607] ERROR django.server: "GET /api/privacy_policy/ HTTP/1.1" 500 145
[2025-11-04 21:09:24,286] INFO django.utils.autoreload: C:\Users\vasu balli\Desktop\meme_proj\meme\app\views.py changed, reloading.
[2025-11-04 21:09:29,034] INFO django.utils.autoreload: Watching for file changes with StatReloader
[2025-11-04 21:09:39,377] INFO django.utils.autoreload: C:\Users\vasu balli\Desktop\meme_proj\meme\app\views.py changed, reloading.
[2025-11-04 21:09:41,710] INFO django.utils.autoreload: Watching for file changes with StatReloader
[2025-11-04 21:09:45,541] INFO django.utils.autoreload: C:\Users\vasu balli\Desktop\meme_proj\meme\app\views.py changed, reloading.
[2025-11-04 21:09:47,589] INFO django.utils.autoreload: Watching for file changes with StatReloader
[2025-11-04 21:10:29,313] ERROR django.request: Internal Server Error: /api/privacy_policy/
Traceback (most recent call last):
  File "C:\Users\vasu balli\Desktop\meme_proj\env\Lib\site-packages\django\core\handlers\exception.py", line 55, in inner
    response = get_response(request)
  File "C:\Users\vasu balli\Desktop\meme_proj\env\Lib\site-packages\django\core\handlers\base.py", line 197, in _get_response
    response = wrapped_callback(request, *callback_args, **callback_kwargs)
  File "C:\Users\vasu balli\Desktop\meme_proj\meme\app\views.py", line 81, in privacy_policy
    fetch_instagram_video()
    ~~~~~~~~~~~~~~~~~~~~~^^
  File "C:\Users\vasu balli\Desktop\meme_proj\meme\app\views.py", line 55, in fetch_instagram_video
    video_obj = download_and_save_instagram_video(url, caption="My Insta Video")
  File "C:\Users\vasu balli\Desktop\meme_proj\meme\app\views.py", line 35, in download_and_save_instagram_video
    video = Memes.objects.create(
        caption=caption or info.get('title', ''),
    )
  File "C:\Users\vasu balli\Desktop\meme_proj\env\Lib\site-packages\django\db\models\manager.py", line 87, in manager_method
    return getattr(self.get_queryset(), name)(*args, **kwargs)
           ~~~~~~~~~~~~~~~~~~~~~~~~~~~~~~~~~~^^^^^^^^^^^^^^^^^
  File "C:\Users\vasu balli\Desktop\meme_proj\env\Lib\site-packages\django\db\models\query.py", line 661, in create
    obj = self.model(**kwargs)
  File "C:\Users\vasu balli\Desktop\meme_proj\env\Lib\site-packages\django\db\models\base.py", line 569, in __init__
    raise TypeError(
    ...<2 lines>...
    )
TypeError: Memes() got unexpected keyword arguments: 'caption'
[2025-11-04 21:10:29,472] ERROR django.server: "GET /api/privacy_policy/ HTTP/1.1" 500 145
[2025-11-04 21:10:51,865] INFO django.utils.autoreload: C:\Users\vasu balli\Desktop\meme_proj\meme\app\views.py changed, reloading.
[2025-11-04 21:10:54,608] INFO django.utils.autoreload: Watching for file changes with StatReloader
[2025-11-04 21:11:00,972] INFO django.utils.autoreload: C:\Users\vasu balli\Desktop\meme_proj\meme\app\views.py changed, reloading.
[2025-11-04 21:11:04,760] INFO django.utils.autoreload: Watching for file changes with StatReloader
[2025-11-04 21:11:09,551] INFO django.utils.autoreload: C:\Users\vasu balli\Desktop\meme_proj\meme\app\views.py changed, reloading.
[2025-11-04 21:11:12,110] INFO django.utils.autoreload: Watching for file changes with StatReloader
[2025-11-04 21:11:16,241] ERROR django.request: Internal Server Error: /api/privacy_policy/
Traceback (most recent call last):
  File "C:\Users\vasu balli\Desktop\meme_proj\env\Lib\site-packages\django\core\handlers\exception.py", line 55, in inner
    response = get_response(request)
  File "C:\Users\vasu balli\Desktop\meme_proj\env\Lib\site-packages\django\core\handlers\base.py", line 197, in _get_response
    response = wrapped_callback(request, *callback_args, **callback_kwargs)
  File "C:\Users\vasu balli\Desktop\meme_proj\meme\app\views.py", line 85, in privacy_policy
    fetch_instagram_video()
    ~~~~~~~~~~~~~~~~~~~~~^^
  File "C:\Users\vasu balli\Desktop\meme_proj\meme\app\views.py", line 60, in fetch_instagram_video
    print(f"Saved video: {video_obj.video.url}")
                          ^^^^^^^^^^^^^^^
AttributeError: 'NoneType' object has no attribute 'video'
[2025-11-04 21:11:16,254] ERROR django.server: "GET /api/privacy_policy/ HTTP/1.1" 500 145
[2025-11-04 21:11:27,735] INFO django.utils.autoreload: C:\Users\vasu balli\Desktop\meme_proj\meme\app\views.py changed, reloading.
[2025-11-04 21:11:30,644] INFO django.utils.autoreload: Watching for file changes with StatReloader
[2025-11-04 21:11:36,196] ERROR django.request: Internal Server Error: /api/privacy_policy/
Traceback (most recent call last):
  File "C:\Users\vasu balli\Desktop\meme_proj\env\Lib\site-packages\django\core\handlers\exception.py", line 55, in inner
    response = get_response(request)
  File "C:\Users\vasu balli\Desktop\meme_proj\env\Lib\site-packages\django\core\handlers\base.py", line 197, in _get_response
    response = wrapped_callback(request, *callback_args, **callback_kwargs)
  File "C:\Users\vasu balli\Desktop\meme_proj\meme\app\views.py", line 85, in privacy_policy
    fetch_instagram_video()
    ~~~~~~~~~~~~~~~~~~~~~^^
  File "C:\Users\vasu balli\Desktop\meme_proj\meme\app\views.py", line 60, in fetch_instagram_video
    print(f"Saved video: {video_obj.video.url}")
                          ^^^^^^^^^^^^^^^
AttributeError: 'NoneType' object has no attribute 'video'
[2025-11-04 21:11:36,204] ERROR django.server: "GET /api/privacy_policy/ HTTP/1.1" 500 145
[2025-11-04 21:14:26,422] INFO django.utils.autoreload: C:\Users\vasu balli\Desktop\meme_proj\meme\app\views.py changed, reloading.
[2025-11-04 21:14:29,238] INFO django.utils.autoreload: Watching for file changes with StatReloader
[2025-11-04 21:14:51,326] INFO django.utils.autoreload: C:\Users\vasu balli\Desktop\meme_proj\meme\app\views.py changed, reloading.
[2025-11-04 21:14:53,547] INFO django.utils.autoreload: Watching for file changes with StatReloader
[2025-11-04 21:16:29,629] INFO django.utils.autoreload: C:\Users\vasu balli\Desktop\meme_proj\meme\app\views.py changed, reloading.
[2025-11-04 21:16:31,854] INFO django.utils.autoreload: Watching for file changes with StatReloader
[2025-11-04 21:17:08,272] INFO django.utils.autoreload: C:\Users\vasu balli\Desktop\meme_proj\meme\app\views.py changed, reloading.
[2025-11-04 21:17:10,317] INFO django.utils.autoreload: Watching for file changes with StatReloader
[2025-11-04 21:17:13,781] INFO django.utils.autoreload: C:\Users\vasu balli\Desktop\meme_proj\meme\app\views.py changed, reloading.
[2025-11-04 21:17:15,829] INFO django.utils.autoreload: Watching for file changes with StatReloader
[2025-11-04 21:17:19,858] INFO django.utils.autoreload: C:\Users\vasu balli\Desktop\meme_proj\meme\app\views.py changed, reloading.
[2025-11-04 21:17:21,905] INFO django.utils.autoreload: Watching for file changes with StatReloader
[2025-11-04 21:17:49,045] INFO django.utils.autoreload: C:\Users\vasu balli\Desktop\meme_proj\meme\app\views.py changed, reloading.
[2025-11-04 21:17:51,000] INFO django.utils.autoreload: Watching for file changes with StatReloader
[2025-11-04 21:18:43,106] ERROR django.server: "GET /api/privacy_policy/ HTTP/1.1" 500 145
[2025-11-04 21:19:41,293] INFO django.utils.autoreload: C:\Users\vasu balli\Desktop\meme_proj\meme\app\views.py changed, reloading.
[2025-11-04 21:19:43,533] INFO django.utils.autoreload: Watching for file changes with StatReloader
[2025-11-04 21:20:30,542] INFO django.server: "GET /api/privacy_policy/ HTTP/1.1" 200 688
[2025-11-09 10:47:52,622] INFO django.utils.autoreload: Watching for file changes with StatReloader
[2025-11-09 10:48:25,076] INFO django.server: "GET /api/privacy_policy/ HTTP/1.1" 200 688
[2025-11-09 10:48:25,291] WARNING django.server: "GET /favicon.ico HTTP/1.1" 404 179
[2025-11-09 10:50:55,969] INFO django.utils.autoreload: C:\Users\vasu balli\Desktop\meme_proj\meme\app\views.py changed, reloading.
[2025-11-09 10:50:58,557] INFO django.utils.autoreload: Watching for file changes with StatReloader
[2025-11-09 11:00:01,386] INFO django.utils.autoreload: C:\Users\vasu balli\Desktop\meme_proj\meme\app\views.py changed, reloading.
[2025-11-09 11:00:03,835] INFO django.utils.autoreload: Watching for file changes with StatReloader
[2025-11-09 11:00:07,808] INFO django.utils.autoreload: C:\Users\vasu balli\Desktop\meme_proj\meme\app\views.py changed, reloading.
[2025-11-09 11:00:09,778] INFO django.utils.autoreload: Watching for file changes with StatReloader
[2025-11-09 11:00:13,630] INFO django.utils.autoreload: C:\Users\vasu balli\Desktop\meme_proj\meme\app\views.py changed, reloading.
[2025-11-09 11:00:15,551] INFO django.utils.autoreload: Watching for file changes with StatReloader
[2025-11-09 11:00:28,430] INFO django.utils.autoreload: C:\Users\vasu balli\Desktop\meme_proj\meme\app\views.py changed, reloading.
[2025-11-09 11:00:30,560] INFO django.utils.autoreload: Watching for file changes with StatReloader
[2025-11-09 11:01:45,916] INFO django.utils.autoreload: C:\Users\vasu balli\Desktop\meme_proj\meme\app\views.py changed, reloading.
[2025-11-09 11:01:48,182] INFO django.utils.autoreload: Watching for file changes with StatReloader
[2026-04-04 00:15:37,137] INFO django.utils.autoreload: Watching for file changes with StatReloader
[2026-06-30 22:23:13,416] INFO django.utils.autoreload: Watching for file changes with StatReloader
[2026-06-30 22:23:26,073] WARNING django.server: "GET / HTTP/1.1" 404 179
[2026-06-30 22:23:45,562] INFO django.utils.autoreload: C:\Users\vasu balli\Desktop\meme_proj\meme\meme\settings.py changed, reloading.
[2026-06-30 22:23:48,015] INFO django.utils.autoreload: Watching for file changes with StatReloader
[2026-06-30 22:23:49,900] WARNING django.server: "GET / HTTP/1.1" 404 2302
[2026-06-30 22:23:58,027] WARNING django.server: "GET /api/download/ HTTP/1.1" 404 4725
[2026-06-30 22:24:04,353] WARNING django.server: "GET /api/download/memes HTTP/1.1" 404 4740
[2026-06-30 22:24:34,457] INFO django.server: "GET /api/memes HTTP/1.1" 301 0
[2026-06-30 22:24:34,476] INFO app_logger: get_memes endpoint accessed
[2026-06-30 22:24:34,546] INFO app_logger: Fetched 0 memes
[2026-06-30 22:24:34,550] INFO django.server: "GET /api/memes/ HTTP/1.1" 200 33
[2026-06-30 22:26:06,998] INFO django.utils.autoreload: Watching for file changes with StatReloader
[2026-06-30 22:26:12,906] INFO app_logger: get_memes endpoint accessed
[2026-06-30 22:26:12,917] INFO app_logger: Fetched 3 memes
[2026-06-30 22:26:12,920] INFO django.server: "GET /api/memes/ HTTP/1.1" 200 1191
[2026-07-01 01:11:35,706] INFO django.utils.autoreload: Watching for file changes with StatReloader
[2026-07-01 01:11:46,306] INFO app_logger: get_memes endpoint accessed
[2026-07-01 01:11:47,496] INFO app_logger: Fetched 285 memes
[2026-07-01 01:11:47,510] INFO django.server: "GET /api/memes/ HTTP/1.1" 200 131419
[2026-07-01 02:30:39,463] INFO django.utils.autoreload: Watching for file changes with StatReloader
[2026-07-01 02:30:42,931] INFO app_logger: get_memes endpoint accessed
[2026-07-01 02:30:43,476] INFO app_logger: Fetched 20 memes (page 1)
[2026-07-01 02:30:43,480] INFO django.server: "GET /api/memes/ HTTP/1.1" 200 9465
[2026-07-02 00:39:52,429] INFO django.utils.autoreload: Watching for file changes with StatReloader
[2026-07-02 00:40:08,381] WARNING django.server: "GET / HTTP/1.1" 404 2302
[2026-07-02 00:40:08,796] WARNING django.server: "GET /favicon.ico HTTP/1.1" 404 2353
[2026-07-02 00:40:14,215] INFO app_logger: get_memes endpoint accessed
[2026-07-02 00:40:15,831] INFO django.server: "GET /api/memes/ HTTP/1.1" 200 6598
[2026-07-02 00:43:00,590] INFO app_logger: get_memes endpoint accessed
[2026-07-02 00:43:01,507] INFO django.server: "GET /api/memes/?cursor=267 HTTP/1.1" 200 6598
[2026-07-02 00:47:18,663] INFO django.utils.autoreload: C:\Users\vasu balli\Desktop\meme_proj\meme\app\views.py changed, reloading.
[2026-07-02 00:47:25,244] INFO django.utils.autoreload: Watching for file changes with StatReloader
[2026-07-02 01:04:57,444] INFO django.utils.autoreload: Watching for file changes with StatReloader
[2026-07-02 01:06:35,627] INFO django.utils.autoreload: Watching for file changes with StatReloader
[2026-07-05 23:58:02,207] INFO django.utils.autoreload: Watching for file changes with StatReloader
[2026-07-05 23:58:57,744] INFO django.utils.autoreload: Watching for file changes with StatReloader
[2026-07-05 23:59:55,475] INFO django.utils.autoreload: C:\Users\vasu balli\Desktop\meme_proj\meme\meme\settings.py changed, reloading.
[2026-07-05 23:59:57,454] INFO django.utils.autoreload: Watching for file changes with StatReloader
[2026-07-06 00:08:01,704] INFO django.utils.autoreload: C:\Users\vasu balli\Desktop\meme_proj\meme\app\views.py changed, reloading.
[2026-07-06 00:08:05,589] INFO django.utils.autoreload: Watching for file changes with StatReloader
[2026-07-06 00:09:30,746] INFO django.utils.autoreload: C:\Users\vasu balli\Desktop\meme_proj\meme\app\views.py changed, reloading.
[2026-07-06 00:09:33,851] INFO django.utils.autoreload: Watching for file changes with StatReloader
[2026-07-06 00:10:21,539] INFO django.utils.autoreload: C:\Users\vasu balli\Desktop\meme_proj\meme\app\views.py changed, reloading.
[2026-07-06 00:10:24,453] INFO django.utils.autoreload: Watching for file changes with StatReloader
[2026-07-06 00:13:27,958] INFO django.utils.autoreload: C:\Users\vasu balli\Desktop\meme_proj\meme\meme\settings.py changed, reloading.
[2026-07-06 00:13:31,163] INFO django.utils.autoreload: Watching for file changes with StatReloader
[2026-07-06 00:27:42,363] INFO django.utils.autoreload: C:\Users\vasu balli\Desktop\meme_proj\meme\meme\settings.py changed, reloading.
[2026-07-06 00:27:47,529] INFO django.utils.autoreload: Watching for file changes with StatReloader
[2026-07-06 00:28:51,683] INFO django.utils.autoreload: C:\Users\vasu balli\Desktop\meme_proj\meme\meme\settings.py changed, reloading.
[2026-07-06 00:28:54,255] INFO django.utils.autoreload: Watching for file changes with StatReloader
[2026-07-06 00:28:58,402] INFO django.utils.autoreload: C:\Users\vasu balli\Desktop\meme_proj\meme\meme\settings.py changed, reloading.
[2026-07-06 00:29:01,119] INFO django.utils.autoreload: Watching for file changes with StatReloader
[2026-07-06 00:29:07,936] INFO django.utils.autoreload: C:\Users\vasu balli\Desktop\meme_proj\meme\meme\settings.py changed, reloading.
[2026-07-06 00:29:10,675] INFO django.utils.autoreload: Watching for file changes with StatReloader
[2026-07-06 00:38:55,887] INFO django.utils.autoreload: Watching for file changes with StatReloader
[2026-07-06 00:39:25,196] INFO django.utils.autoreload: C:\Users\vasu balli\Desktop\meme_proj\meme\app\urls.py changed, reloading.
[2026-07-06 00:39:28,080] INFO django.utils.autoreload: Watching for file changes with StatReloader
[2026-07-06 00:39:32,519] INFO django.utils.autoreload: C:\Users\vasu balli\Desktop\meme_proj\meme\app\urls.py changed, reloading.
[2026-07-06 00:39:35,227] INFO django.utils.autoreload: Watching for file changes with StatReloader
[2026-07-06 00:39:54,384] INFO django.utils.autoreload: C:\Users\vasu balli\Desktop\meme_proj\meme\app\urls.py changed, reloading.
[2026-07-06 00:39:57,044] INFO django.utils.autoreload: Watching for file changes with StatReloader
[2026-07-06 00:43:09,333] WARNING django.server: "GET /api/auth/signup HTTP/1.1" 404 4990
[2026-07-06 00:43:18,137] INFO django.server: "GET /api/signup HTTP/1.1" 301 0
[2026-07-06 00:43:18,147] WARNING django.server: "GET /api/signup/ HTTP/1.1" 405 0
[2026-07-06 00:43:41,194] ERROR django.request: Internal Server Error: /api/signup
Traceback (most recent call last):
  File "C:\Users\vasu balli\Desktop\meme_proj\env\Lib\site-packages\django\core\handlers\exception.py", line 55, in inner
    response = get_response(request)
  File "C:\Users\vasu balli\Desktop\meme_proj\env\Lib\site-packages\django\utils\deprecation.py", line 122, in __call__
    response = self.process_response(request, response)
  File "C:\Users\vasu balli\Desktop\meme_proj\env\Lib\site-packages\django\middleware\common.py", line 108, in process_response
    return self.response_redirect_class(self.get_full_path_with_slash(request))
                                        ~~~~~~~~~~~~~~~~~~~~~~~~~~~~~^^^^^^^^^
  File "C:\Users\vasu balli\Desktop\meme_proj\env\Lib\site-packages\django\middleware\common.py", line 87, in get_full_path_with_slash
    raise RuntimeError(
    ...<9 lines>...
    )
RuntimeError: You called this URL via POST, but the URL doesn't end in a slash and you have APPEND_SLASH set. Django can't redirect to the slash URL while maintaining POST data. Change your form to point to 127.0.0.1:8000/api/signup/ (note the trailing slash), or set APPEND_SLASH=False in your Django settings.
[2026-07-06 00:43:41,210] ERROR django.server: "POST /api/signup HTTP/1.1" 500 77578
[2026-07-06 00:44:42,244] INFO django.utils.autoreload: C:\Users\vasu balli\Desktop\meme_proj\meme\app\urls.py changed, reloading.
[2026-07-06 00:44:46,261] INFO django.utils.autoreload: Watching for file changes with StatReloader
[2026-07-06 00:45:01,602] WARNING django.security.csrf: Forbidden (CSRF cookie not set.): /api/signup
[2026-07-06 00:45:01,604] WARNING django.server: "POST /api/signup HTTP/1.1" 403 2855
[2026-07-06 00:45:35,247] INFO django.utils.autoreload: C:\Users\vasu balli\Desktop\meme_proj\meme\meme\settings.py changed, reloading.
[2026-07-06 00:45:38,474] INFO django.utils.autoreload: Watching for file changes with StatReloader
[2026-07-06 00:45:50,986] INFO django.server: "POST /api/signup HTTP/1.1" 200 57
[2026-07-06 00:47:49,534] INFO django.utils.autoreload: C:\Users\vasu balli\Desktop\meme_proj\meme\app\views.py changed, reloading.
[2026-07-06 00:47:54,618] INFO django.utils.autoreload: Watching for file changes with StatReloader
[2026-07-06 00:48:28,637] INFO django.utils.autoreload: C:\Users\vasu balli\Desktop\meme_proj\meme\app\views.py changed, reloading.
[2026-07-06 00:48:32,263] INFO django.utils.autoreload: Watching for file changes with StatReloader
[2026-07-06 00:50:39,561] INFO django.utils.autoreload: C:\Users\vasu balli\Desktop\meme_proj\meme\app\views.py changed, reloading.
[2026-07-06 00:50:44,140] INFO django.utils.autoreload: Watching for file changes with StatReloader
[2026-07-06 00:51:11,669] INFO django.utils.autoreload: C:\Users\vasu balli\Desktop\meme_proj\meme\app\views.py changed, reloading.
[2026-07-06 00:51:15,087] INFO django.utils.autoreload: Watching for file changes with StatReloader
[2026-07-06 00:51:37,545] INFO django.utils.autoreload: C:\Users\vasu balli\Desktop\meme_proj\meme\app\urls.py changed, reloading.
[2026-07-06 00:51:40,609] INFO django.utils.autoreload: Watching for file changes with StatReloader
[2026-07-06 00:51:51,698] INFO django.utils.autoreload: C:\Users\vasu balli\Desktop\meme_proj\meme\app\urls.py changed, reloading.
[2026-07-06 00:51:54,864] INFO django.utils.autoreload: Watching for file changes with StatReloader
[2026-07-06 00:51:59,859] INFO django.utils.autoreload: C:\Users\vasu balli\Desktop\meme_proj\meme\app\urls.py changed, reloading.
[2026-07-06 00:52:03,087] INFO django.utils.autoreload: Watching for file changes with StatReloader
[2026-07-06 00:53:13,050] WARNING django.server: "GET /api/verify_signup HTTP/1.1" 405 0
[2026-07-06 00:53:59,047] WARNING django.server: "POST /api/verify_signup HTTP/1.1" 400 46
[2026-07-06 00:55:15,812] ERROR django.request: Internal Server Error: /api/verify_signup
[2026-07-06 00:55:15,813] ERROR django.server: "POST /api/verify_signup HTTP/1.1" 500 87
[2026-07-06 00:57:32,687] INFO django.utils.autoreload: C:\Users\vasu balli\Desktop\meme_proj\meme\app\views.py changed, reloading.
[2026-07-06 00:57:38,492] INFO django.utils.autoreload: Watching for file changes with StatReloader
[2026-07-06 00:58:12,983] INFO django.utils.autoreload: C:\Users\vasu balli\Desktop\meme_proj\meme\app\views.py changed, reloading.
[2026-07-06 00:58:16,458] INFO django.utils.autoreload: Watching for file changes with StatReloader
[2026-07-06 00:58:29,118] WARNING django.server: "POST /api/verify_signup HTTP/1.1" 400 50
[2026-07-06 00:58:53,019] INFO django.server: "POST /api/signup HTTP/1.1" 200 57
[2026-07-06 00:59:28,345] WARNING django.server: "POST /api/verify_signup HTTP/1.1" 400 50
[2026-07-06 01:00:12,728] WARNING django.server: "POST /api/verify_signup HTTP/1.1" 400 46
[2026-07-06 01:01:10,879] INFO django.server: "POST /api/signup HTTP/1.1" 200 57
[2026-07-06 01:01:50,117] WARNING django.server: "POST /api/verify_signup HTTP/1.1" 400 50
[2026-07-06 01:03:31,606] INFO django.server: "POST /api/signup HTTP/1.1" 200 57
[2026-07-06 01:06:38,821] INFO django.utils.autoreload: C:\Users\vasu balli\Desktop\meme_proj\meme\meme\settings.py changed, reloading.
[2026-07-06 01:06:43,415] INFO django.utils.autoreload: Watching for file changes with StatReloader
[2026-07-06 01:06:50,999] INFO django.utils.autoreload: C:\Users\vasu balli\Desktop\meme_proj\meme\meme\settings.py changed, reloading.
[2026-07-06 01:06:53,914] INFO django.utils.autoreload: Watching for file changes with StatReloader
[2026-07-06 01:06:59,297] WARNING django.server: "POST /api/verify_signup HTTP/1.1" 400 46
[2026-07-06 01:08:12,670] INFO django.utils.autoreload: C:\Users\vasu balli\Desktop\meme_proj\meme\app\views.py changed, reloading.
[2026-07-06 01:08:22,279] INFO django.utils.autoreload: Watching for file changes with StatReloader
[2026-07-06 01:08:42,930] INFO django.utils.autoreload: C:\Users\vasu balli\Desktop\meme_proj\meme\app\views.py changed, reloading.
[2026-07-06 01:08:46,435] INFO django.utils.autoreload: Watching for file changes with StatReloader
[2026-07-06 01:09:01,725] WARNING django.server: "POST /api/verify_signup HTTP/1.1" 400 57
[2026-07-06 01:09:18,568] INFO django.utils.autoreload: C:\Users\vasu balli\Desktop\meme_proj\meme\app\views.py changed, reloading.
[2026-07-06 01:09:22,086] INFO django.utils.autoreload: Watching for file changes with StatReloader
[2026-07-06 01:09:39,855] INFO django.server: "POST /api/signup HTTP/1.1" 200 57
[2026-07-06 01:10:12,037] WARNING django.server: "POST /api/verify_signup HTTP/1.1" 400 46
[2026-07-06 01:10:45,950] INFO django.utils.autoreload: C:\Users\vasu balli\Desktop\meme_proj\meme\app\views.py changed, reloading.
[2026-07-06 01:10:49,626] INFO django.utils.autoreload: Watching for file changes with StatReloader
[2026-07-06 01:10:55,284] ERROR django.request: Internal Server Error: /api/verify_signup
[2026-07-06 01:10:55,285] ERROR django.server: "POST /api/verify_signup HTTP/1.1" 500 81
[2026-07-06 01:13:01,224] INFO django.utils.autoreload: C:\Users\vasu balli\Desktop\meme_proj\meme\app\views.py changed, reloading.
[2026-07-06 01:13:05,911] INFO django.utils.autoreload: Watching for file changes with StatReloader
[2026-07-06 01:13:09,891] ERROR django.request: Internal Server Error: /api/verify_signup
[2026-07-06 01:13:09,892] ERROR django.server: "POST /api/verify_signup HTTP/1.1" 500 162
[2026-07-06 01:15:07,137] INFO django.server: "POST /api/verify_signup HTTP/1.1" 200 208
[2026-07-06 01:17:38,200] INFO django.utils.autoreload: C:\Users\vasu balli\Desktop\meme_proj\meme\app\views.py changed, reloading.
[2026-07-06 01:17:41,668] INFO django.utils.autoreload: Watching for file changes with StatReloader
[2026-07-06 01:18:46,199] WARNING django.server: "GET //api/login HTTP/1.1" 404 5243
[2026-07-06 01:18:52,962] WARNING django.server: "GET /api/login HTTP/1.1" 404 5243
[2026-07-06 01:19:10,704] INFO django.utils.autoreload: C:\Users\vasu balli\Desktop\meme_proj\meme\app\urls.py changed, reloading.
[2026-07-06 01:19:13,582] INFO django.utils.autoreload: Watching for file changes with StatReloader
[2026-07-06 01:19:22,079] INFO django.utils.autoreload: C:\Users\vasu balli\Desktop\meme_proj\meme\app\urls.py changed, reloading.
[2026-07-06 01:19:25,143] INFO django.utils.autoreload: Watching for file changes with StatReloader
[2026-07-06 01:19:29,756] WARNING django.server: "GET /api/login HTTP/1.1" 405 0
[2026-07-06 01:19:39,958] INFO django.server: "POST /api/login HTTP/1.1" 200 216
[2026-07-06 01:25:18,464] INFO django.utils.autoreload: C:\Users\vasu balli\Desktop\meme_proj\meme\app\views.py changed, reloading.
[2026-07-06 01:25:22,976] INFO django.utils.autoreload: Watching for file changes with StatReloader
[2026-07-06 01:25:28,924] INFO django.utils.autoreload: C:\Users\vasu balli\Desktop\meme_proj\meme\app\urls.py changed, reloading.
[2026-07-06 01:25:31,627] INFO django.utils.autoreload: Watching for file changes with StatReloader
[2026-07-06 01:25:40,069] INFO django.utils.autoreload: C:\Users\vasu balli\Desktop\meme_proj\meme\app\urls.py changed, reloading.
[2026-07-06 01:25:42,869] INFO django.utils.autoreload: Watching for file changes with StatReloader
[2026-07-06 01:27:23,177] WARNING django.server: "POST /api/logout HTTP/1.1" 401 63
[2026-07-06 01:27:55,169] INFO django.utils.autoreload: C:\Users\vasu balli\Desktop\meme_proj\meme\app\views.py changed, reloading.
[2026-07-06 01:27:58,549] INFO django.utils.autoreload: Watching for file changes with StatReloader
[2026-07-06 01:28:07,081] WARNING django.server: "POST /api/logout HTTP/1.1" 401 63
[2026-07-06 01:28:36,563] INFO django.utils.autoreload: C:\Users\vasu balli\Desktop\meme_proj\meme\app\views.py changed, reloading.
[2026-07-06 01:28:39,309] INFO django.utils.autoreload: Watching for file changes with StatReloader
[2026-07-06 01:28:51,122] INFO django.utils.autoreload: C:\Users\vasu balli\Desktop\meme_proj\meme\app\views.py changed, reloading.
[2026-07-06 01:28:53,812] INFO django.utils.autoreload: Watching for file changes with StatReloader
[2026-07-06 01:29:15,168] INFO django.server: "POST /api/logout HTTP/1.1" 200 60
[2026-07-06 01:31:55,769] INFO django.utils.autoreload: C:\Users\vasu balli\Desktop\meme_proj\meme\app\views.py changed, reloading.
[2026-07-06 01:31:59,422] INFO django.utils.autoreload: Watching for file changes with StatReloader
[2026-07-06 01:32:40,108] INFO django.utils.autoreload: C:\Users\vasu balli\Desktop\meme_proj\meme\app\views.py changed, reloading.
[2026-07-06 01:32:42,899] INFO django.utils.autoreload: Watching for file changes with StatReloader
[2026-07-06 01:33:05,764] INFO django.utils.autoreload: C:\Users\vasu balli\Desktop\meme_proj\meme\app\views.py changed, reloading.
[2026-07-06 01:33:08,331] INFO django.utils.autoreload: Watching for file changes with StatReloader
[2026-07-06 01:33:20,399] INFO django.utils.autoreload: C:\Users\vasu balli\Desktop\meme_proj\meme\app\views.py changed, reloading.
[2026-07-06 01:33:23,265] INFO django.utils.autoreload: Watching for file changes with StatReloader
[2026-07-06 01:34:55,190] INFO django.utils.autoreload: C:\Users\vasu balli\Desktop\meme_proj\meme\app\views.py changed, reloading.
[2026-07-06 01:35:04,043] INFO django.utils.autoreload: Watching for file changes with StatReloader
[2026-07-06 01:37:00,870] INFO django.utils.autoreload: C:\Users\vasu balli\Desktop\meme_proj\meme\app\views.py changed, reloading.
[2026-07-06 01:37:04,017] INFO django.utils.autoreload: Watching for file changes with StatReloader
[2026-07-06 01:37:29,390] INFO django.utils.autoreload: C:\Users\vasu balli\Desktop\meme_proj\meme\app\views.py changed, reloading.
[2026-07-06 01:37:31,970] INFO django.utils.autoreload: Watching for file changes with StatReloader
[2026-07-06 01:37:38,581] INFO django.utils.autoreload: C:\Users\vasu balli\Desktop\meme_proj\meme\app\views.py changed, reloading.
[2026-07-06 01:37:41,542] INFO django.utils.autoreload: Watching for file changes with StatReloader
[2026-07-06 01:38:02,387] INFO django.utils.autoreload: C:\Users\vasu balli\Desktop\meme_proj\meme\app\views.py changed, reloading.
[2026-07-06 01:38:05,456] INFO django.utils.autoreload: Watching for file changes with StatReloader
[2026-07-06 01:38:31,477] INFO django.utils.autoreload: C:\Users\vasu balli\Desktop\meme_proj\meme\app\urls.py changed, reloading.
[2026-07-06 01:38:34,044] INFO django.utils.autoreload: Watching for file changes with StatReloader
[2026-07-06 01:38:53,344] INFO django.utils.autoreload: C:\Users\vasu balli\Desktop\meme_proj\meme\app\urls.py changed, reloading.
[2026-07-06 01:38:56,128] INFO django.utils.autoreload: Watching for file changes with StatReloader
[2026-07-06 01:39:34,331] INFO django.server: "POST /api/forgot_password HTTP/1.1" 200 58
[2026-07-06 01:43:59,964] INFO django.server: "POST /api/reset_password HTTP/1.1" 200 66
[2026-07-08 23:13:15,326] INFO django.utils.autoreload: Watching for file changes with StatReloader
[2026-07-08 23:13:23,195] WARNING django.server: "POST /api/like_meme HTTP/1.1" 401 59
[2026-07-08 23:15:13,725] WARNING django.server: "POST /api/like_meme HTTP/1.1" 401 63
[2026-07-08 23:15:53,088] INFO django.utils.autoreload: C:\Users\vasu balli\Desktop\meme_proj\meme\core\auth.py changed, reloading.
[2026-07-08 23:15:56,876] INFO django.utils.autoreload: Watching for file changes with StatReloader
[2026-07-08 23:16:04,510] WARNING django.server: "POST /api/like_meme HTTP/1.1" 401 59
[2026-07-08 23:21:02,296] WARNING django.server: "POST /api/like_meme HTTP/1.1" 401 59
[2026-07-08 23:22:01,002] INFO django.utils.autoreload: C:\Users\vasu balli\Desktop\meme_proj\meme\core\auth.py changed, reloading.
[2026-07-08 23:22:03,905] INFO django.utils.autoreload: Watching for file changes with StatReloader
[2026-07-08 23:22:08,550] WARNING django.server: "POST /api/like_meme HTTP/1.1" 401 59
[2026-07-08 23:22:27,729] INFO django.utils.autoreload: C:\Users\vasu balli\Desktop\meme_proj\meme\core\auth.py changed, reloading.
[2026-07-08 23:22:29,882] INFO django.utils.autoreload: Watching for file changes with StatReloader
[2026-07-08 23:22:31,611] ERROR django.request: Internal Server Error: /api/like_meme
[2026-07-08 23:22:31,611] ERROR django.server: "POST /api/like_meme HTTP/1.1" 500 199
[2026-07-08 23:24:11,878] INFO django.utils.autoreload: C:\Users\vasu balli\Desktop\meme_proj\meme\app\views.py changed, reloading.
[2026-07-08 23:24:14,462] INFO django.utils.autoreload: Watching for file changes with StatReloader
[2026-07-08 23:25:36,140] ERROR django.request: Internal Server Error: /api/like_meme
[2026-07-08 23:25:36,141] ERROR django.server: "POST /api/like_meme HTTP/1.1" 500 197
[2026-07-08 23:26:44,950] INFO django.utils.autoreload: C:\Users\vasu balli\Desktop\meme_proj\meme\app\views.py changed, reloading.
[2026-07-08 23:26:48,070] INFO django.utils.autoreload: Watching for file changes with StatReloader
[2026-07-08 23:26:51,217] ERROR django.request: Internal Server Error: /api/like_meme
[2026-07-08 23:26:51,218] ERROR django.server: "POST /api/like_meme HTTP/1.1" 500 197
[2026-07-08 23:27:04,840] INFO django.utils.autoreload: C:\Users\vasu balli\Desktop\meme_proj\meme\app\views.py changed, reloading.
[2026-07-08 23:27:06,788] INFO django.utils.autoreload: Watching for file changes with StatReloader
[2026-07-08 23:27:11,242] ERROR django.request: Internal Server Error: /api/like_meme
[2026-07-08 23:27:11,242] ERROR django.server: "POST /api/like_meme HTTP/1.1" 500 196
[2026-07-08 23:29:50,650] ERROR django.request: Internal Server Error: /api/like_meme
[2026-07-08 23:29:50,658] ERROR django.server: "POST /api/like_meme HTTP/1.1" 500 197
[2026-07-08 23:32:08,297] INFO django.utils.autoreload: C:\Users\vasu balli\Desktop\meme_proj\meme\app\views.py changed, reloading.
[2026-07-08 23:32:11,115] INFO django.utils.autoreload: Watching for file changes with StatReloader
[2026-07-08 23:32:23,447] INFO django.utils.autoreload: C:\Users\vasu balli\Desktop\meme_proj\meme\app\views.py changed, reloading.
[2026-07-08 23:32:25,584] INFO django.utils.autoreload: Watching for file changes with StatReloader
[2026-07-08 23:32:27,896] INFO django.server: "POST /api/like_meme HTTP/1.1" 200 54
[2026-07-08 23:32:52,479] INFO django.server: "POST /api/like_meme HTTP/1.1" 200 55
[2026-07-08 23:33:41,473] INFO django.utils.autoreload: C:\Users\vasu balli\Desktop\meme_proj\meme\app\views.py changed, reloading.
[2026-07-08 23:33:44,308] INFO django.utils.autoreload: Watching for file changes with StatReloader
[2026-07-08 23:33:54,345] INFO django.utils.autoreload: C:\Users\vasu balli\Desktop\meme_proj\meme\app\urls.py changed, reloading.
[2026-07-08 23:33:56,931] INFO django.utils.autoreload: Watching for file changes with StatReloader
[2026-07-08 23:34:00,178] INFO django.utils.autoreload: C:\Users\vasu balli\Desktop\meme_proj\meme\app\urls.py changed, reloading.
[2026-07-08 23:34:02,527] INFO django.utils.autoreload: Watching for file changes with StatReloader
[2026-07-08 23:34:09,949] INFO django.utils.autoreload: C:\Users\vasu balli\Desktop\meme_proj\meme\app\urls.py changed, reloading.
[2026-07-08 23:34:11,904] INFO django.utils.autoreload: Watching for file changes with StatReloader
[2026-07-08 23:35:39,288] ERROR django.request: Internal Server Error: /api/view_meme
[2026-07-08 23:35:39,291] ERROR django.server: "POST /api/view_meme HTTP/1.1" 500 199
[2026-07-08 23:35:50,151] INFO django.server: "POST /api/view_meme HTTP/1.1" 200 39
[2026-07-08 23:36:35,727] INFO django.server: "POST /api/view_meme HTTP/1.1" 200 39
[2026-07-08 23:36:49,961] INFO django.server: "POST /api/view_meme HTTP/1.1" 200 39
[2026-07-08 23:38:15,225] INFO django.utils.autoreload: C:\Users\vasu balli\Desktop\meme_proj\meme\app\views.py changed, reloading.
[2026-07-08 23:38:18,303] INFO django.utils.autoreload: Watching for file changes with StatReloader
[2026-07-08 23:38:22,040] INFO django.utils.autoreload: C:\Users\vasu balli\Desktop\meme_proj\meme\app\urls.py changed, reloading.
[2026-07-08 23:38:24,499] INFO django.utils.autoreload: Watching for file changes with StatReloader
[2026-07-08 23:38:29,570] INFO django.utils.autoreload: C:\Users\vasu balli\Desktop\meme_proj\meme\app\urls.py changed, reloading.
[2026-07-08 23:38:31,281] INFO django.utils.autoreload: Watching for file changes with StatReloader
[2026-07-08 23:38:36,119] INFO django.utils.autoreload: C:\Users\vasu balli\Desktop\meme_proj\meme\app\urls.py changed, reloading.
[2026-07-08 23:38:38,037] INFO django.utils.autoreload: Watching for file changes with StatReloader
[2026-07-08 23:38:40,430] INFO django.utils.autoreload: C:\Users\vasu balli\Desktop\meme_proj\meme\app\urls.py changed, reloading.
[2026-07-08 23:38:42,129] INFO django.utils.autoreload: Watching for file changes with StatReloader
[2026-07-08 23:38:57,329] WARNING django.server: "POST /api/add_comment HTTP/1.1" 404 7124
[2026-07-08 23:39:16,356] WARNING django.server: "POST /api/add_comment HTTP/1.1" 404 7124
[2026-07-08 23:39:31,589] INFO django.server: "POST /api/comment_meme HTTP/1.1" 200 162
[2026-07-08 23:41:18,190] INFO django.server: "POST /api/comment_meme HTTP/1.1" 200 146
[2026-07-08 23:44:30,481] INFO django.utils.autoreload: C:\Users\vasu balli\Desktop\meme_proj\meme\app\views.py changed, reloading.
[2026-07-08 23:44:33,228] INFO django.utils.autoreload: Watching for file changes with StatReloader
[2026-07-08 23:44:44,008] INFO django.utils.autoreload: C:\Users\vasu balli\Desktop\meme_proj\meme\app\urls.py changed, reloading.
[2026-07-08 23:44:45,968] INFO django.utils.autoreload: Watching for file changes with StatReloader
[2026-07-08 23:44:51,288] INFO django.utils.autoreload: C:\Users\vasu balli\Desktop\meme_proj\meme\app\urls.py changed, reloading.
[2026-07-08 23:44:53,189] INFO django.utils.autoreload: Watching for file changes with StatReloader
[2026-07-08 23:46:20,385] INFO django.server: "POST /api/bookmark_meme HTTP/1.1" 200 63
[2026-07-08 23:46:36,426] INFO django.server: "POST /api/bookmark_meme HTTP/1.1" 200 64
[2026-07-08 23:49:05,119] INFO django.utils.autoreload: C:\Users\vasu balli\Desktop\meme_proj\meme\app\views.py changed, reloading.
[2026-07-08 23:49:13,897] INFO django.utils.autoreload: Watching for file changes with StatReloader
[2026-07-08 23:49:19,999] INFO django.utils.autoreload: C:\Users\vasu balli\Desktop\meme_proj\meme\app\urls.py changed, reloading.
[2026-07-08 23:49:23,789] INFO django.utils.autoreload: Watching for file changes with StatReloader
[2026-07-08 23:50:29,889] INFO django.server: "POST /api/share_meme HTTP/1.1" 200 40
[2026-07-08 23:50:37,842] INFO django.server: "POST /api/share_meme HTTP/1.1" 200 40
[2026-07-08 23:53:12,001] INFO django.utils.autoreload: C:\Users\vasu balli\Desktop\meme_proj\meme\app\views.py changed, reloading.
[2026-07-08 23:53:17,732] INFO django.utils.autoreload: Watching for file changes with StatReloader
[2026-07-08 23:53:30,874] INFO django.utils.autoreload: C:\Users\vasu balli\Desktop\meme_proj\meme\app\views.py changed, reloading.
[2026-07-08 23:53:33,786] INFO django.utils.autoreload: Watching for file changes with StatReloader
[2026-07-08 23:53:38,206] INFO django.utils.autoreload: C:\Users\vasu balli\Desktop\meme_proj\meme\app\views.py changed, reloading.
[2026-07-08 23:53:41,078] INFO django.utils.autoreload: Watching for file changes with StatReloader
[2026-07-08 23:53:55,494] INFO django.utils.autoreload: C:\Users\vasu balli\Desktop\meme_proj\meme\app\urls.py changed, reloading.
[2026-07-08 23:53:58,890] INFO django.utils.autoreload: Watching for file changes with StatReloader
[2026-07-08 23:54:04,926] INFO django.utils.autoreload: C:\Users\vasu balli\Desktop\meme_proj\meme\app\urls.py changed, reloading.
[2026-07-08 23:54:07,901] INFO django.utils.autoreload: Watching for file changes with StatReloader
[2026-07-08 23:54:40,846] WARNING django.server: "POST /api/get_comments?meme_id=1&page=1&page_size=20 HTTP/1.1" 405 0
[2026-07-08 23:54:48,733] INFO django.server: "GET /api/get_comments?meme_id=1&page=1&page_size=20 HTTP/1.1" 200 86
[2026-07-08 23:55:05,860] INFO django.server: "GET /api/get_comments?meme_id=2&page=1&page_size=20 HTTP/1.1" 200 509
[2026-07-08 23:57:46,000] INFO django.utils.autoreload: C:\Users\vasu balli\Desktop\meme_proj\meme\app\views.py changed, reloading.
[2026-07-08 23:57:50,161] INFO django.utils.autoreload: Watching for file changes with StatReloader
[2026-07-08 23:57:57,236] INFO django.utils.autoreload: C:\Users\vasu balli\Desktop\meme_proj\meme\app\views.py changed, reloading.
[2026-07-08 23:57:59,933] INFO django.utils.autoreload: Watching for file changes with StatReloader
[2026-07-08 23:58:14,004] INFO django.utils.autoreload: C:\Users\vasu balli\Desktop\meme_proj\meme\app\views.py changed, reloading.
[2026-07-08 23:58:16,463] INFO django.utils.autoreload: Watching for file changes with StatReloader
[2026-07-08 23:58:22,225] INFO django.server: "GET /api/get_comments?meme_id=2&page=1&page_size=20 HTTP/1.1" 200 509
[2026-07-08 23:58:26,458] INFO django.server: "GET /api/get_comments?meme_id=2&page=1&page_size=20 HTTP/1.1" 200 509
[2026-07-09 00:00:04,123] INFO django.utils.autoreload: C:\Users\vasu balli\Desktop\meme_proj\meme\app\views.py changed, reloading.
[2026-07-09 00:00:10,286] INFO django.utils.autoreload: Watching for file changes with StatReloader
[2026-07-09 00:01:03,357] INFO django.utils.autoreload: C:\Users\vasu balli\Desktop\meme_proj\meme\app\urls.py changed, reloading.
[2026-07-09 00:01:07,512] INFO django.utils.autoreload: Watching for file changes with StatReloader
[2026-07-09 00:01:12,345] INFO django.utils.autoreload: C:\Users\vasu balli\Desktop\meme_proj\meme\app\urls.py changed, reloading.
[2026-07-09 00:01:15,299] INFO django.utils.autoreload: Watching for file changes with StatReloader
[2026-07-09 00:01:39,253] INFO django.server: "POST /api/delete_comment HTTP/1.1" 200 86
[2026-07-09 00:01:54,604] INFO django.server: "GET /api/get_comments?meme_id=2&page=1&page_size=20 HTTP/1.1" 200 322
[2026-07-09 00:02:09,893] INFO django.server: "POST /api/delete_comment HTTP/1.1" 200 86
[2026-07-09 00:02:14,103] WARNING django.server: "POST /api/delete_comment HTTP/1.1" 404 52
[2026-07-09 00:02:23,324] INFO django.server: "GET /api/get_comments?meme_id=2&page=1&page_size=20 HTTP/1.1" 200 86
[2026-07-09 00:04:05,806] INFO django.utils.autoreload: C:\Users\vasu balli\Desktop\meme_proj\meme\app\views.py changed, reloading.
[2026-07-09 00:04:09,723] INFO django.utils.autoreload: Watching for file changes with StatReloader
[2026-07-09 00:04:15,004] INFO django.utils.autoreload: C:\Users\vasu balli\Desktop\meme_proj\meme\app\urls.py changed, reloading.
[2026-07-09 00:04:17,834] INFO django.utils.autoreload: Watching for file changes with StatReloader
[2026-07-09 00:05:27,359] INFO django.utils.autoreload: C:\Users\vasu balli\Desktop\meme_proj\meme\app\urls.py changed, reloading.
[2026-07-09 00:05:30,360] INFO django.utils.autoreload: Watching for file changes with StatReloader
[2026-07-09 00:05:38,927] INFO django.server: "GET /api/get_bookmarks?page=1&page_size=20 HTTP/1.1" 200 73
[2026-07-09 00:05:49,042] INFO django.server: "POST /api/bookmark_meme HTTP/1.1" 200 63
[2026-07-09 00:05:58,255] INFO django.server: "GET /api/get_bookmarks?page=1&page_size=20 HTTP/1.1" 200 466
[2026-07-09 00:08:09,956] INFO django.utils.autoreload: C:\Users\vasu balli\Desktop\meme_proj\meme\app\views.py changed, reloading.
[2026-07-09 00:08:13,558] INFO django.utils.autoreload: Watching for file changes with StatReloader
[2026-07-09 00:08:18,020] INFO django.utils.autoreload: C:\Users\vasu balli\Desktop\meme_proj\meme\app\urls.py changed, reloading.
[2026-07-09 00:08:20,705] INFO django.utils.autoreload: Watching for file changes with StatReloader
[2026-07-09 00:09:07,119] INFO django.server: "GET /api/get_likes?page=1&page_size=20 HTTP/1.1" 200 73
[2026-07-09 00:09:16,542] INFO django.server: "POST /api/like_meme HTTP/1.1" 200 54
[2026-07-09 00:09:23,012] INFO django.server: "GET /api/get_likes?page=1&page_size=20 HTTP/1.1" 200 465
[2026-07-09 00:11:40,629] INFO django.utils.autoreload: C:\Users\vasu balli\Desktop\meme_proj\meme\app\views.py changed, reloading.
[2026-07-09 00:11:44,844] INFO django.utils.autoreload: Watching for file changes with StatReloader
[2026-07-09 00:11:49,582] INFO django.utils.autoreload: C:\Users\vasu balli\Desktop\meme_proj\meme\app\urls.py changed, reloading.
[2026-07-09 00:11:52,568] INFO django.utils.autoreload: Watching for file changes with StatReloader
[2026-07-09 00:11:56,184] INFO django.utils.autoreload: C:\Users\vasu balli\Desktop\meme_proj\meme\app\urls.py changed, reloading.
[2026-07-09 00:11:58,757] INFO django.utils.autoreload: Watching for file changes with StatReloader
[2026-07-09 00:12:26,447] INFO django.server: "GET /api/get_watch_history?page=1&page_size=20 HTTP/1.1" 200 512
[2026-07-09 00:14:53,368] INFO django.utils.autoreload: C:\Users\vasu balli\Desktop\meme_proj\meme\app\views.py changed, reloading.
[2026-07-09 00:14:56,994] INFO django.utils.autoreload: Watching for file changes with StatReloader
[2026-07-09 00:15:06,640] INFO django.utils.autoreload: C:\Users\vasu balli\Desktop\meme_proj\meme\app\urls.py changed, reloading.
[2026-07-09 00:15:09,889] INFO django.utils.autoreload: Watching for file changes with StatReloader
[2026-07-09 00:16:06,547] WARNING django.server: "GET /api/profile HTTP/1.1" 404 9277
[2026-07-09 00:16:20,800] INFO django.server: "GET /api/get_profile HTTP/1.1" 200 331
[2026-07-09 00:19:28,702] INFO django.utils.autoreload: C:\Users\vasu balli\Desktop\meme_proj\meme\app\views.py changed, reloading.
[2026-07-09 00:19:33,450] INFO django.utils.autoreload: Watching for file changes with StatReloader
[2026-07-09 00:19:46,514] INFO django.utils.autoreload: C:\Users\vasu balli\Desktop\meme_proj\meme\app\urls.py changed, reloading.
[2026-07-09 00:19:49,272] INFO django.utils.autoreload: Watching for file changes with StatReloader
[2026-07-09 00:19:52,176] INFO django.utils.autoreload: C:\Users\vasu balli\Desktop\meme_proj\meme\app\urls.py changed, reloading.
[2026-07-09 00:19:54,801] INFO django.utils.autoreload: Watching for file changes with StatReloader
[2026-07-09 00:20:07,972] INFO django.utils.autoreload: C:\Users\vasu balli\Desktop\meme_proj\meme\app\urls.py changed, reloading.
[2026-07-09 00:20:10,548] INFO django.utils.autoreload: Watching for file changes with StatReloader
[2026-07-09 00:22:01,154] INFO django.server: "GET /api/get_profile HTTP/1.1" 200 331
[2026-07-09 00:22:09,790] INFO django.server: "POST /api/update_profile HTTP/1.1" 200 184
[2026-07-09 00:22:21,700] INFO django.server: "GET /api/get_profile HTTP/1.1" 200 389
